I'm sorry, but errors were detected in your script. Please correct the
errors listed below, and try again.


File "game/script.rpy", line 68: choice menuitem expects a non-empty block.
    "Choice 2":
               ^

Ren'Py Version: Ren'Py 8.3.6.25022803
Sat Apr 26 10:10:41 2025
